#dim = #graphalg.dim<distinct[0]<>>
module @"<stdin>" {
  func.func @combDir(%arg0: !graphalg.mat<1 x 1 x i64>) -> !graphalg.mat<1 x 1 x i64> {
    %0 = graphalg.literal 1 : i64
    %1 = graphalg.ewise %arg0 SUB %0 : <1 x 1 x i64>
    %2 = graphalg.mxm %arg0, %1 : <1 x 1 x i64>, <1 x 1 x i64>
    return %2 : !graphalg.mat<1 x 1 x i64>
  }
  func.func @LCCDir(%arg0: !graphalg.mat<#dim x #dim x i1>, %arg1: !graphalg.mat<#dim x #dim x i64>) -> !graphalg.mat<#dim x 1 x f64> {
    %0 = graphalg.triu %arg1 : <#dim x #dim x i64>
    %1 = graphalg.cast %arg0 : <#dim x #dim x i1> -> <#dim x #dim x i64>
    %2 = graphalg.reduce %1 : <#dim x #dim x i64> -> <#dim x 1 x i64>
    %3 = graphalg.apply_unary @combDir %2 : <#dim x 1 x i64> -> <#dim x 1 x i64>
    %4 = graphalg.cast_dim #dim
    %5 = graphalg.cast_dim #dim
    %6 = graphalg.const_mat 0 : i64 -> <#dim x #dim x i64>
    %7 = graphalg.cast %arg0 : <#dim x #dim x i1> -> <#dim x #dim x i64>
    %8 = graphalg.transpose %0 : <#dim x #dim x i64>
    %9 = graphalg.mxm %7, %8 : <#dim x #dim x i64>, <#dim x #dim x i64>
    %10 = graphalg.mask %6<%arg0 : <#dim x #dim x i1>> = %9 : <#dim x #dim x i64> {complement = false}
    %11 = graphalg.reduce %10 : <#dim x #dim x i64> -> <#dim x 1 x i64>
    %12 = graphalg.cast %11 : <#dim x 1 x i64> -> <#dim x 1 x f64>
    %13 = graphalg.cast %3 : <#dim x 1 x i64> -> <#dim x 1 x f64>
    %14 = graphalg.ewise %12 DIV %13 : <#dim x 1 x f64>
    return %14 : !graphalg.mat<#dim x 1 x f64>
  }
  func.func @combUndir(%arg0: !graphalg.mat<1 x 1 x i64>) -> !graphalg.mat<1 x 1 x f64> {
    %0 = graphalg.literal 1 : i64
    %1 = graphalg.ewise %arg0 SUB %0 : <1 x 1 x i64>
    %2 = graphalg.mxm %arg0, %1 : <1 x 1 x i64>, <1 x 1 x i64>
    %3 = graphalg.cast %2 : <1 x 1 x i64> -> <1 x 1 x f64>
    %4 = graphalg.literal 2.000000e+00 : f64
    %5 = graphalg.ewise %3 DIV %4 : <1 x 1 x f64>
    return %5 : !graphalg.mat<1 x 1 x f64>
  }
  func.func @LCCUndir(%arg0: !graphalg.mat<#dim x #dim x i1>) -> !graphalg.mat<#dim x 1 x f64> {
    %0 = graphalg.triu %arg0 : <#dim x #dim x i1>
    %1 = graphalg.cast %arg0 : <#dim x #dim x i1> -> <#dim x #dim x i64>
    %2 = graphalg.reduce %1 : <#dim x #dim x i64> -> <#dim x 1 x i64>
    %3 = graphalg.apply_unary @combUndir %2 : <#dim x 1 x i64> -> <#dim x 1 x f64>
    %4 = graphalg.cast_dim #dim
    %5 = graphalg.cast_dim #dim
    %6 = graphalg.const_mat 0 : i64 -> <#dim x #dim x i64>
    %7 = graphalg.cast %arg0 : <#dim x #dim x i1> -> <#dim x #dim x i64>
    %8 = graphalg.transpose %0 : <#dim x #dim x i1>
    %9 = graphalg.cast %8 : <#dim x #dim x i1> -> <#dim x #dim x i64>
    %10 = graphalg.mxm %7, %9 : <#dim x #dim x i64>, <#dim x #dim x i64>
    %11 = graphalg.mask %6<%arg0 : <#dim x #dim x i1>> = %10 : <#dim x #dim x i64> {complement = false}
    %12 = graphalg.reduce %11 : <#dim x #dim x i64> -> <#dim x 1 x i64>
    %13 = graphalg.cast %12 : <#dim x 1 x i64> -> <#dim x 1 x f64>
    %14 = graphalg.cast %3 : <#dim x 1 x f64> -> <#dim x 1 x f64>
    %15 = graphalg.ewise %13 DIV %14 : <#dim x 1 x f64>
    return %15 : !graphalg.mat<#dim x 1 x f64>
  }
}
